// Jest Snapshot v1, https://goo.gl/fbAQLP

exports[`The Elasticplayground stack matches the snapshot 1`] = `Object {}`;
